[ 14%] Building C object CMakeFiles/gsa.dir/src/crypto_openssl.c.o
In file included from /Users/dragoshont/Repo/libgsa/src/crypto_openssl.c:8:
/Users/dragoshont/Repo/libgsa/include/gsa/crypto.h:5:64: warning: '/*' within block comment [-Wcomment]
    5 |  * AltSign's AppleAPI+Authentication.cpp pulls from <corecrypto/*>:
      |                                                                ^
1 warning generated.
[ 28%] Building C object CMakeFiles/gsa.dir/src/srp_openssl.c.o
In file included from /Users/dragoshont/Repo/libgsa/src/srp_openssl.c:27:
/Users/dragoshont/Repo/libgsa/include/gsa/crypto.h:5:64: warning: '/*' within block comment [-Wcomment]
    5 |  * AltSign's AppleAPI+Authentication.cpp pulls from <corecrypto/*>:
      |                                                                ^
/Users/dragoshont/Repo/libgsa/src/srp_openssl.c:76:5: warning: 'SHA256_Init' is deprecated [-Wdeprecated-declarations]
   76 |     SHA256_Init(&c);
      |     ^
/usr/local/include/openssl/sha.h:73:1: note: 'SHA256_Init' has been explicitly marked deprecated here
   73 | OSSL_DEPRECATEDIN_3_0 int SHA256_Init(SHA256_CTX *c);
      | ^
/usr/local/include/openssl/macros.h:229:31: note: expanded from macro 'OSSL_DEPRECATEDIN_3_0'
  229 | #define OSSL_DEPRECATEDIN_3_0 OSSL_DEPRECATED(3.0)
      |                               ^
/usr/local/include/openssl/macros.h:61:47: note: expanded from macro 'OSSL_DEPRECATED'
   61 | #define OSSL_DEPRECATED(since) __attribute__((deprecated))
      |                                               ^
/Users/dragoshont/Repo/libgsa/src/srp_openssl.c:77:20: warning: 'SHA256_Update' is deprecated [-Wdeprecated-declarations]
   77 |     if (a && alen) SHA256_Update(&c, a, alen);
      |                    ^
/usr/local/include/openssl/sha.h:74:1: note: 'SHA256_Update' has been explicitly marked deprecated here
   74 | OSSL_DEPRECATEDIN_3_0 int SHA256_Update(SHA256_CTX *c,
      | ^
/usr/local/include/openssl/macros.h:229:31: note: expanded from macro 'OSSL_DEPRECATEDIN_3_0'
  229 | #define OSSL_DEPRECATEDIN_3_0 OSSL_DEPRECATED(3.0)
      |                               ^
/usr/local/include/openssl/macros.h:61:47: note: expanded from macro 'OSSL_DEPRECATED'
   61 | #define OSSL_DEPRECATED(since) __attribute__((deprecated))
      |                                               ^
/Users/dragoshont/Repo/libgsa/src/srp_openssl.c:78:20: warning: 'SHA256_Update' is deprecated [-Wdeprecated-declarations]
   78 |     if (b && blen) SHA256_Update(&c, b, blen);
      |                    ^
/usr/local/include/openssl/sha.h:74:1: note: 'SHA256_Update' has been explicitly marked deprecated here
   74 | OSSL_DEPRECATEDIN_3_0 int SHA256_Update(SHA256_CTX *c,
      | ^
/usr/local/include/openssl/macros.h:229:31: note: expanded from macro 'OSSL_DEPRECATEDIN_3_0'
  229 | #define OSSL_DEPRECATEDIN_3_0 OSSL_DEPRECATED(3.0)
      |                               ^
/usr/local/include/openssl/macros.h:61:47: note: expanded from macro 'OSSL_DEPRECATED'
   61 | #define OSSL_DEPRECATED(since) __attribute__((deprecated))
      |                                               ^
/Users/dragoshont/Repo/libgsa/src/srp_openssl.c:79:5: warning: 'SHA256_Final' is deprecated [-Wdeprecated-declarations]
   79 |     SHA256_Final(out, &c);
      |     ^
/usr/local/include/openssl/sha.h:76:1: note: 'SHA256_Final' has been explicitly marked deprecated here
   76 | OSSL_DEPRECATEDIN_3_0 int SHA256_Final(unsigned char *md, SHA256_CTX *c);
      | ^
/usr/local/include/openssl/macros.h:229:31: note: expanded from macro 'OSSL_DEPRECATEDIN_3_0'
  229 | #define OSSL_DEPRECATEDIN_3_0 OSSL_DEPRECATED(3.0)
      |                               ^
/usr/local/include/openssl/macros.h:61:47: note: expanded from macro 'OSSL_DEPRECATED'
   61 | #define OSSL_DEPRECATED(since) __attribute__((deprecated))
      |                                               ^
/Users/dragoshont/Repo/libgsa/src/srp_openssl.c:253:9: warning: 'SHA256_Init' is deprecated [-Wdeprecated-declarations]
  253 |         SHA256_Init(&c);
      |         ^
/usr/local/include/openssl/sha.h:73:1: note: 'SHA256_Init' has been explicitly marked deprecated here
   73 | OSSL_DEPRECATEDIN_3_0 int SHA256_Init(SHA256_CTX *c);
      | ^
/usr/local/include/openssl/macros.h:229:31: note: expanded from macro 'OSSL_DEPRECATEDIN_3_0'
  229 | #define OSSL_DEPRECATEDIN_3_0 OSSL_DEPRECATED(3.0)
      |                               ^
/usr/local/include/openssl/macros.h:61:47: note: expanded from macro 'OSSL_DEPRECATED'
   61 | #define OSSL_DEPRECATED(since) __attribute__((deprecated))
      |                                               ^
/Users/dragoshont/Repo/libgsa/src/srp_openssl.c:254:9: warning: 'SHA256_Update' is deprecated [-Wdeprecated-declarations]
  254 |         SHA256_Update(&c, hxor, sizeof(hxor));
      |         ^
/usr/local/include/openssl/sha.h:74:1: note: 'SHA256_Update' has been explicitly marked deprecated here
   74 | OSSL_DEPRECATEDIN_3_0 int SHA256_Update(SHA256_CTX *c,
      | ^
/usr/local/include/openssl/macros.h:229:31: note: expanded from macro 'OSSL_DEPRECATEDIN_3_0'
  229 | #define OSSL_DEPRECATEDIN_3_0 OSSL_DEPRECATED(3.0)
      |                               ^
/usr/local/include/openssl/macros.h:61:47: note: expanded from macro 'OSSL_DEPRECATED'
   61 | #define OSSL_DEPRECATED(since) __attribute__((deprecated))
      |                                               ^
/Users/dragoshont/Repo/libgsa/src/srp_openssl.c:255:9: warning: 'SHA256_Update' is deprecated [-Wdeprecated-declarations]
  255 |         SHA256_Update(&c, hI, sizeof(hI));
      |         ^
/usr/local/include/openssl/sha.h:74:1: note: 'SHA256_Update' has been explicitly marked deprecated here
   74 | OSSL_DEPRECATEDIN_3_0 int SHA256_Update(SHA256_CTX *c,
      | ^
/usr/local/include/openssl/macros.h:229:31: note: expanded from macro 'OSSL_DEPRECATEDIN_3_0'
  229 | #define OSSL_DEPRECATEDIN_3_0 OSSL_DEPRECATED(3.0)
      |                               ^
/usr/local/include/openssl/macros.h:61:47: note: expanded from macro 'OSSL_DEPRECATED'
   61 | #define OSSL_DEPRECATED(since) __attribute__((deprecated))
      |                                               ^
/Users/dragoshont/Repo/libgsa/src/srp_openssl.c:256:9: warning: 'SHA256_Update' is deprecated [-Wdeprecated-declarations]
  256 |         SHA256_Update(&c, salt, salt_len);
      |         ^
/usr/local/include/openssl/sha.h:74:1: note: 'SHA256_Update' has been explicitly marked deprecated here
   74 | OSSL_DEPRECATEDIN_3_0 int SHA256_Update(SHA256_CTX *c,
      | ^
/usr/local/include/openssl/macros.h:229:31: note: expanded from macro 'OSSL_DEPRECATEDIN_3_0'
  229 | #define OSSL_DEPRECATEDIN_3_0 OSSL_DEPRECATED(3.0)
      |                               ^
/usr/local/include/openssl/macros.h:61:47: note: expanded from macro 'OSSL_DEPRECATED'
   61 | #define OSSL_DEPRECATED(since) __attribute__((deprecated))
      |                                               ^
/Users/dragoshont/Repo/libgsa/src/srp_openssl.c:257:9: warning: 'SHA256_Update' is deprecated [-Wdeprecated-declarations]
  257 |         SHA256_Update(&c, A_pad, width);
      |         ^
/usr/local/include/openssl/sha.h:74:1: note: 'SHA256_Update' has been explicitly marked deprecated here
   74 | OSSL_DEPRECATEDIN_3_0 int SHA256_Update(SHA256_CTX *c,
      | ^
/usr/local/include/openssl/macros.h:229:31: note: expanded from macro 'OSSL_DEPRECATEDIN_3_0'
  229 | #define OSSL_DEPRECATEDIN_3_0 OSSL_DEPRECATED(3.0)
      |                               ^
/usr/local/include/openssl/macros.h:61:47: note: expanded from macro 'OSSL_DEPRECATED'
   61 | #define OSSL_DEPRECATED(since) __attribute__((deprecated))
      |                                               ^
/Users/dragoshont/Repo/libgsa/src/srp_openssl.c:258:9: warning: 'SHA256_Update' is deprecated [-Wdeprecated-declarations]
  258 |         SHA256_Update(&c, B_pad, width);
      |         ^
/usr/local/include/openssl/sha.h:74:1: note: 'SHA256_Update' has been explicitly marked deprecated here
   74 | OSSL_DEPRECATEDIN_3_0 int SHA256_Update(SHA256_CTX *c,
      | ^
/usr/local/include/openssl/macros.h:229:31: note: expanded from macro 'OSSL_DEPRECATEDIN_3_0'
  229 | #define OSSL_DEPRECATEDIN_3_0 OSSL_DEPRECATED(3.0)
      |                               ^
/usr/local/include/openssl/macros.h:61:47: note: expanded from macro 'OSSL_DEPRECATED'
   61 | #define OSSL_DEPRECATED(since) __attribute__((deprecated))
      |                                               ^
/Users/dragoshont/Repo/libgsa/src/srp_openssl.c:259:9: warning: 'SHA256_Update' is deprecated [-Wdeprecated-declarations]
  259 |         SHA256_Update(&c, ctx->K, sizeof(ctx->K));
      |         ^
/usr/local/include/openssl/sha.h:74:1: note: 'SHA256_Update' has been explicitly marked deprecated here
   74 | OSSL_DEPRECATEDIN_3_0 int SHA256_Update(SHA256_CTX *c,
      | ^
/usr/local/include/openssl/macros.h:229:31: note: expanded from macro 'OSSL_DEPRECATEDIN_3_0'
  229 | #define OSSL_DEPRECATEDIN_3_0 OSSL_DEPRECATED(3.0)
      |                               ^
/usr/local/include/openssl/macros.h:61:47: note: expanded from macro 'OSSL_DEPRECATED'
   61 | #define OSSL_DEPRECATED(since) __attribute__((deprecated))
      |                                               ^
/Users/dragoshont/Repo/libgsa/src/srp_openssl.c:260:9: warning: 'SHA256_Final' is deprecated [-Wdeprecated-declarations]
  260 |         SHA256_Final(ctx->M1, &c);
      |         ^
/usr/local/include/openssl/sha.h:76:1: note: 'SHA256_Final' has been explicitly marked deprecated here
   76 | OSSL_DEPRECATEDIN_3_0 int SHA256_Final(unsigned char *md, SHA256_CTX *c);
      | ^
/usr/local/include/openssl/macros.h:229:31: note: expanded from macro 'OSSL_DEPRECATEDIN_3_0'
  229 | #define OSSL_DEPRECATEDIN_3_0 OSSL_DEPRECATED(3.0)
      |                               ^
/usr/local/include/openssl/macros.h:61:47: note: expanded from macro 'OSSL_DEPRECATED'
   61 | #define OSSL_DEPRECATED(since) __attribute__((deprecated))
      |                                               ^
/Users/dragoshont/Repo/libgsa/src/srp_openssl.c:284:5: warning: 'SHA256_Init' is deprecated [-Wdeprecated-declarations]
  284 |     SHA256_Init(&c);
      |     ^
/usr/local/include/openssl/sha.h:73:1: note: 'SHA256_Init' has been explicitly marked deprecated here
   73 | OSSL_DEPRECATEDIN_3_0 int SHA256_Init(SHA256_CTX *c);
      | ^
/usr/local/include/openssl/macros.h:229:31: note: expanded from macro 'OSSL_DEPRECATEDIN_3_0'
  229 | #define OSSL_DEPRECATEDIN_3_0 OSSL_DEPRECATED(3.0)
      |                               ^
/usr/local/include/openssl/macros.h:61:47: note: expanded from macro 'OSSL_DEPRECATED'
   61 | #define OSSL_DEPRECATED(since) __attribute__((deprecated))
      |                                               ^
/Users/dragoshont/Repo/libgsa/src/srp_openssl.c:285:5: warning: 'SHA256_Update' is deprecated [-Wdeprecated-declarations]
  285 |     SHA256_Update(&c, A_pad, width);
      |     ^
/usr/local/include/openssl/sha.h:74:1: note: 'SHA256_Update' has been explicitly marked deprecated here
   74 | OSSL_DEPRECATEDIN_3_0 int SHA256_Update(SHA256_CTX *c,
      | ^
/usr/local/include/openssl/macros.h:229:31: note: expanded from macro 'OSSL_DEPRECATEDIN_3_0'
  229 | #define OSSL_DEPRECATEDIN_3_0 OSSL_DEPRECATED(3.0)
      |                               ^
/usr/local/include/openssl/macros.h:61:47: note: expanded from macro 'OSSL_DEPRECATED'
   61 | #define OSSL_DEPRECATED(since) __attribute__((deprecated))
      |                                               ^
/Users/dragoshont/Repo/libgsa/src/srp_openssl.c:286:5: warning: 'SHA256_Update' is deprecated [-Wdeprecated-declarations]
  286 |     SHA256_Update(&c, ctx->M1, sizeof(ctx->M1));
      |     ^
/usr/local/include/openssl/sha.h:74:1: note: 'SHA256_Update' has been explicitly marked deprecated here
   74 | OSSL_DEPRECATEDIN_3_0 int SHA256_Update(SHA256_CTX *c,
      | ^
/usr/local/include/openssl/macros.h:229:31: note: expanded from macro 'OSSL_DEPRECATEDIN_3_0'
  229 | #define OSSL_DEPRECATEDIN_3_0 OSSL_DEPRECATED(3.0)
      |                               ^
/usr/local/include/openssl/macros.h:61:47: note: expanded from macro 'OSSL_DEPRECATED'
   61 | #define OSSL_DEPRECATED(since) __attribute__((deprecated))
      |                                               ^
/Users/dragoshont/Repo/libgsa/src/srp_openssl.c:287:5: warning: 'SHA256_Update' is deprecated [-Wdeprecated-declarations]
  287 |     SHA256_Update(&c, ctx->K, sizeof(ctx->K));
      |     ^
/usr/local/include/openssl/sha.h:74:1: note: 'SHA256_Update' has been explicitly marked deprecated here
   74 | OSSL_DEPRECATEDIN_3_0 int SHA256_Update(SHA256_CTX *c,
      | ^
/usr/local/include/openssl/macros.h:229:31: note: expanded from macro 'OSSL_DEPRECATEDIN_3_0'
  229 | #define OSSL_DEPRECATEDIN_3_0 OSSL_DEPRECATED(3.0)
      |                               ^
/usr/local/include/openssl/macros.h:61:47: note: expanded from macro 'OSSL_DEPRECATED'
   61 | #define OSSL_DEPRECATED(since) __attribute__((deprecated))
      |                                               ^
/Users/dragoshont/Repo/libgsa/src/srp_openssl.c:288:5: warning: 'SHA256_Final' is deprecated [-Wdeprecated-declarations]
  288 |     SHA256_Final(expected, &c);
      |     ^
/usr/local/include/openssl/sha.h:76:1: note: 'SHA256_Final' has been explicitly marked deprecated here
   76 | OSSL_DEPRECATEDIN_3_0 int SHA256_Final(unsigned char *md, SHA256_CTX *c);
      | ^
/usr/local/include/openssl/macros.h:229:31: note: expanded from macro 'OSSL_DEPRECATEDIN_3_0'
  229 | #define OSSL_DEPRECATEDIN_3_0 OSSL_DEPRECATED(3.0)
      |                               ^
/usr/local/include/openssl/macros.h:61:47: note: expanded from macro 'OSSL_DEPRECATED'
   61 | #define OSSL_DEPRECATED(since) __attribute__((deprecated))
      |                                               ^
18 warnings generated.
[ 42%] Linking C static library libgsa.a
[ 42%] Built target gsa
[ 57%] Building C object tests/CMakeFiles/test_primitives.dir/test_primitives.c.o
In file included from /Users/dragoshont/Repo/libgsa/tests/test_primitives.c:5:
/Users/dragoshont/Repo/libgsa/include/gsa/crypto.h:5:64: warning: '/*' within block comment [-Wcomment]
    5 |  * AltSign's AppleAPI+Authentication.cpp pulls from <corecrypto/*>:
      |                                                                ^
1 warning generated.
[ 71%] Linking C executable test_primitives
ld: warning: ignoring file '/usr/local/Cellar/openssl@3/3.6.2/lib/libcrypto.dylib': found architecture 'x86_64', required architecture 'arm64'
Undefined symbols for architecture arm64:
  "_CRYPTO_memcmp", referenced from:
      _gsa_consttime_eq in libgsa.a[2](crypto_openssl.c.o)
  "_EVP_CIPHER_CTX_ctrl", referenced from:
      _gsa_aes256_gcm_decrypt in libgsa.a[2](crypto_openssl.c.o)
      _gsa_aes256_gcm_decrypt in libgsa.a[2](crypto_openssl.c.o)
  "_EVP_CIPHER_CTX_free", referenced from:
      _gsa_aes256_cbc_pkcs7_decrypt in libgsa.a[2](crypto_openssl.c.o)
      _gsa_aes256_gcm_decrypt in libgsa.a[2](crypto_openssl.c.o)
  "_EVP_CIPHER_CTX_new", referenced from:
      _gsa_aes256_cbc_pkcs7_decrypt in libgsa.a[2](crypto_openssl.c.o)
      _gsa_aes256_gcm_decrypt in libgsa.a[2](crypto_openssl.c.o)
  "_EVP_DecryptFinal_ex", referenced from:
      _gsa_aes256_cbc_pkcs7_decrypt in libgsa.a[2](crypto_openssl.c.o)
      _gsa_aes256_gcm_decrypt in libgsa.a[2](crypto_openssl.c.o)
  "_EVP_DecryptInit_ex", referenced from:
      _gsa_aes256_cbc_pkcs7_decrypt in libgsa.a[2](crypto_openssl.c.o)
      _gsa_aes256_gcm_decrypt in libgsa.a[2](crypto_openssl.c.o)
      _gsa_aes256_gcm_decrypt in libgsa.a[2](crypto_openssl.c.o)
  "_EVP_DecryptUpdate", referenced from:
      _gsa_aes256_cbc_pkcs7_decrypt in libgsa.a[2](crypto_openssl.c.o)
      _gsa_aes256_gcm_decrypt in libgsa.a[2](crypto_openssl.c.o)
      _gsa_aes256_gcm_decrypt in libgsa.a[2](crypto_openssl.c.o)
  "_EVP_Digest", referenced from:
      _gsa_sha256 in libgsa.a[2](crypto_openssl.c.o)
  "_EVP_aes_256_cbc", referenced from:
      _gsa_aes256_cbc_pkcs7_decrypt in libgsa.a[2](crypto_openssl.c.o)
  "_EVP_aes_256_gcm", referenced from:
      _gsa_aes256_gcm_decrypt in libgsa.a[2](crypto_openssl.c.o)
  "_EVP_sha256", referenced from:
      _gsa_sha256 in libgsa.a[2](crypto_openssl.c.o)
      _gsa_hmac_sha256 in libgsa.a[2](crypto_openssl.c.o)
      _gsa_pbkdf2_hmac_sha256 in libgsa.a[2](crypto_openssl.c.o)
  "_HMAC", referenced from:
      _gsa_hmac_sha256 in libgsa.a[2](crypto_openssl.c.o)
  "_PKCS5_PBKDF2_HMAC", referenced from:
      _gsa_pbkdf2_hmac_sha256 in libgsa.a[2](crypto_openssl.c.o)
  "_RAND_bytes", referenced from:
      _gsa_random_bytes in libgsa.a[2](crypto_openssl.c.o)
ld: symbol(s) not found for architecture arm64
clang: error: linker command failed with exit code 1 (use -v to see invocation)
make[2]: *** [tests/test_primitives] Error 1
make[1]: *** [tests/CMakeFiles/test_primitives.dir/all] Error 2
make: *** [all] Error 2
